// Jest Snapshot v1, https://goo.gl/fbAQLP

exports[`renders correctly 1`] = `
<div>
  <div
    className=" bg-white flex  justify-center  max-w-[ 1440px] min-w-[500px] "
  >
    <div
      className="w-8/12 h-screen flex flex-col items-start  justify-evenly min-h-[1400px] "
    >
      <div
        className="  text-5xl font-medium uppercase font-sans mt-40 mb-10"
      >
        <h3>
          we can communicate through
        </h3>
      </div>
      <div
        className="   justify-center  flex flex-wrap items-starts  "
      >
        <div
          className="flex items-center justify-center mb-20 "
        >
          <div
            className=" flex flex-wrap gap-5 justify-center mb-20 "
          >
            <div
              className=" max-w-sm bg-white border border-gray-200 rounded-3xl shadow-lg  dark:border-gray-700 p-6 mb-5 "
            >
              <div
                className=" flex flex-col justify-center items-center "
              >
                <img
                  alt="phone"
                  className="object-scale-down h-20 w-25 md:object-scale-down "
                  src="phone.png"
                />
              </div>
              <h3
                className="text-4xl font-medium pt-8 p-2 flex flex-col justify-center items-center"
              >
                Voice Call
              </h3>
              <p
                className="py-2 pt-4 p-2 text-center flex flex-col justify-center items-center"
              >
                Feeling ready to start a conversation? Give your therapist a voice call and talk your heart out!
              </p>
            </div>
            <div
              className=" flex items-stretch"
            >
              <div
                className="w-full max-w-sm  bg-white border border-gray-200 rounded-3xl shadow-lg dark:border-gray-700 p-6 mb-5  md:shrink-0 items-center "
              >
                <div
                  className=" flex flex-col justify-center items-center "
                >
                  <img
                    alt="chat"
                    className="object-scale-down h-20 w-25 md:object-scale-down "
                    src="chat.png"
                  />
                </div>
                <h3
                  className="text-4xl font-medium pt-8 p-2 flex flex-col justify-center items-center"
                >
                  Chat
                </h3>
                <p
                  className="py-2 pt-4 p-2 text-center flex flex-col justify-center items-center"
                >
                  Need to talk to someone?Come have a chat with your therapist!
                </p>
              </div>
            </div>
            <div
              className=" flex items-stretch "
            >
              <div
                className=" w-full max-w-sm bg-white border border-gray-200  rounded-3xl shadow-lg  dark:border-gray-700 p-6 mb-5 md:shrink-0 "
              >
                <div
                  className=" flex flex-col justify-center items-center "
                >
                  <img
                    alt="video"
                    className="object-scale-down h-20 w-25 md:object-scale-down "
                    src="video.png"
                  />
                </div>
                <h3
                  className="text-4xl font-medium pt-8 p-2 flex flex-col justify-center items-center"
                >
                  Video Call
                </h3>
                <p
                  className="py-2 pt-4 p-2 text-center flex flex-col justify-center items-center"
                >
                  For better experience therapists recommend video calls, but always remember that its a choice!
                </p>
              </div>
            </div>
          </div>
        </div>
      </div>
    </div>
  </div>
</div>
`;
