// Jest Snapshot v1, https://goo.gl/fbAQLP

exports[`Renders correctly for ContactAddress Component 1`] = `
<div>
  <div
    className="relative mt-28 ml-15 m-10"
  >
    <img
      alt="adress"
      className="h-56 w-96 md:h-auto md:w-auto "
      src="ContactAdressImg.png"
    />
    <span
      className="absolute top-3 left-3 w-4/6 pl-5 pt-3"
    >
      <p
        className="font-medium text-xs md:text-lg text-start mb-1"
      >
        Find Us At:
      </p>
      <div
        className="text-gray-500 text-xs md:text-lg"
      >
        <p>
          Nergiz Plaza
        </p>
        <p>
          3rd Floor
        </p>
        <p>
          Bakhtiyari Street 40m
        </p>
        <p>
          Erbil, Iraq
        </p>
        <p>
          44001
        </p>
      </div>
    </span>
  </div>
</div>
`;

exports[`Renders correctly for ContactAdress Component 1`] = `
<div>
  <div
    className="relative mt-28 ml-15 m-10"
  >
    <img
      alt="adress"
      className="h-56 w-96 md:h-auto md:w-auto "
      src="ContactAdressImg.png"
    />
    <span
      className="absolute top-3 left-3 w-4/6 pl-5 pt-3"
    >
      <p
        className="font-medium text-xs md:text-lg text-start mb-1"
      >
        Find Us At:
      </p>
      <div
        className="text-gray-500 text-xs md:text-lg"
      >
        <p>
          Nergiz Plaza
        </p>
        <p>
          3rd Floor
        </p>
        <p>
          Bakhtiyari Street 40m
        </p>
        <p>
          Erbil, Iraq
        </p>
        <p>
          44001
        </p>
      </div>
    </span>
  </div>
</div>
`;

exports[`Renders correctly for ContactThanks Component 1`] = `
<div>
  <div
    className="p-10 h-72 md:h-64"
  >
    <div
      className="h-full w-full flex flex-col justify-between"
    >
      <h2
        className="text-4xl font-medium"
      >
        THANK YOU!
      </h2>
      <p
        className="text-gray-400 text-lg font-medium"
      >
        Your request has been sent, a member of the support team will get in contact with you through the email you provided as soon as possible.
      </p>
      <div
        className="w-4/6 md:w-3/6 xl:w-2/6"
      >
        <input
          className="py-2 px-5 w-10/12 md:w-8/12 lg:w-5/12 hover:bg-cyan-200 bg-cyan-400 font-medium rounded text-sm md:text-lg"
          onClick={[Function]}
          type="button"
          value="BACK TO HOME"
        />
      </div>
    </div>
  </div>
</div>
`;
